[2026-08-04T01:24:42] ========================================
[2026-08-04T01:24:42] 동기화 시작 (전체 모드)
[2026-08-04T01:24:42] MySQL 연결 성공
[2026-08-04T01:24:42] 매핑 캐시 구축 중...
[2026-08-04T01:24:42]   운송사 매핑: 11/11
[2026-08-04T01:24:42]   제품 매핑: 23/23
[2026-08-04T01:24:43]   거래처 매핑: 178/181
[2026-08-04T01:24:43]   기사 매핑: 345/347
[2026-08-04T01:24:43] ── 운송사 동기화 ──
[2026-08-04T01:24:43]   운송사 동기화 완료: 11건
[2026-08-04T01:24:43] ── 거래처 동기화 ──
[2026-08-04T01:25:03]   거래처: 신규 3, 갱신 178
[2026-08-04T01:25:03] ── 기사 동기화 ──
[2026-08-04T01:25:35]   기사: 신규 2, 갱신 345
[2026-08-04T01:25:35] ── 출하 동기화 ──
[2026-08-04T01:25:36]   MySQL 출하 조회: 22377건 (전체)
[2026-08-04T01:25:38]   진행: 2000/22377
[2026-08-04T01:25:39]   진행: 4000/22377
[2026-08-04T01:25:41]   진행: 6000/22377
[2026-08-04T01:25:42]   진행: 8000/22377
[2026-08-04T01:25:44]   진행: 10000/22377
[2026-08-04T01:25:45]   진행: 12000/22377
[2026-08-04T01:25:46]   진행: 14000/22377
[2026-08-04T01:25:48]   진행: 16000/22377
[2026-08-04T01:25:49]   진행: 18000/22377
[2026-08-04T01:25:51]   진행: 20000/22377
[2026-08-04T01:25:52]   ⚠️ 배치 21400~21600 오류: null value in column "id" of relation "shipments" violates not-null constraint
[2026-08-04T01:26:10]   ⚠️ 배치 21600~21800 오류: null value in column "id" of relation "shipments" violates not-null constraint
[2026-08-04T01:26:29]   진행: 22000/22377
[2026-08-04T01:26:29]   출하: 신규 22374, 갱신 3, 오류 0
[2026-08-04T01:26:29] ── 단가 동기화 ──
[2026-08-04T01:26:29]   MySQL 단가: 2465건
[2026-08-04T01:26:29]   단가: 신규 0, 건너뜀 2465
[2026-08-04T01:26:29] ── 성적서 동기화 ──
[2026-08-04T01:26:29]   MySQL 성적서: 476건
[2026-08-04T01:26:33]   성적서: 신규 12, 건너뜀 464
[2026-08-04T01:26:33] ========================================
[2026-08-04T01:26:33] 동기화 완료! (110.7초 소요)
