[2026-07-20T07:16:45] ========================================
[2026-07-20T07:16:45] 동기화 시작 (전체 모드)
[2026-07-20T07:16:45] MySQL 연결 성공
[2026-07-20T07:16:45] 매핑 캐시 구축 중...
[2026-07-20T07:16:45]   운송사 매핑: 11/11
[2026-07-20T07:16:46]   제품 매핑: 23/23
[2026-07-20T07:16:46]   거래처 매핑: 180/180
[2026-07-20T07:16:46]   기사 매핑: 344/344
[2026-07-20T07:16:46] ── 운송사 동기화 ──
[2026-07-20T07:16:46]   운송사 동기화 완료: 11건
[2026-07-20T07:16:46] ── 거래처 동기화 ──
[2026-07-20T07:17:03]   거래처: 신규 0, 갱신 180
[2026-07-20T07:17:04] ── 기사 동기화 ──
[2026-07-20T07:17:34]   기사: 신규 0, 갱신 344
[2026-07-20T07:17:34] ── 출하 동기화 ──
[2026-07-20T07:17:34]   MySQL 출하 조회: 22059건 (전체)
[2026-07-20T07:17:34]   ⚠️ 배치 0~200 오류: null value in column "id" of relation "shipments" violates not-null constraint
[2026-07-20T07:17:53]   진행: 2000/22059
[2026-07-20T07:17:55]   진행: 4000/22059
[2026-07-20T07:17:56]   진행: 6000/22059
[2026-07-20T07:17:58]   진행: 8000/22059
[2026-07-20T07:17:59]   진행: 10000/22059
[2026-07-20T07:18:00]   진행: 12000/22059
[2026-07-20T07:18:02]   진행: 14000/22059
[2026-07-20T07:18:03]   진행: 16000/22059
[2026-07-20T07:18:04]   진행: 18000/22059
[2026-07-20T07:18:06]   진행: 20000/22059
[2026-07-20T07:18:07]   ⚠️ 배치 21600~21800 오류: null value in column "id" of relation "shipments" violates not-null constraint
[2026-07-20T07:18:25]   진행: 22000/22059
[2026-07-20T07:18:25]   출하: 신규 22052, 갱신 7, 오류 0
[2026-07-20T07:18:25] ── 단가 동기화 ──
[2026-07-20T07:18:25]   MySQL 단가: 2465건
[2026-07-20T07:20:32]   단가: 신규 1455, 건너뜀 1010
[2026-07-20T07:20:32] ── 성적서 동기화 ──
[2026-07-20T07:20:32]   MySQL 성적서: 464건
[2026-07-20T07:20:32]   성적서: 신규 0, 건너뜀 464
[2026-07-20T07:20:32] ========================================
[2026-07-20T07:20:32] 동기화 완료! (227.5초 소요)
