[2026-06-26T08:54:40] ========================================
[2026-06-26T08:54:40] 동기화 시작 (전체 모드)
[2026-06-26T08:54:40] MySQL 연결 성공
[2026-06-26T08:54:40] 매핑 캐시 구축 중...
[2026-06-26T08:54:41]   운송사 매핑: 11/11
[2026-06-26T08:54:41]   제품 매핑: 23/23
[2026-06-26T08:54:41]   거래처 매핑: 180/180
[2026-06-26T08:54:41]   기사 매핑: 336/336
[2026-06-26T08:54:41] ── 운송사 동기화 ──
[2026-06-26T08:54:41]   운송사 동기화 완료: 11건
[2026-06-26T08:54:41] ── 거래처 동기화 ──
[2026-06-26T08:54:57]   거래처: 신규 0, 갱신 180
[2026-06-26T08:54:57] ── 기사 동기화 ──
[2026-06-26T08:55:26]   기사: 신규 0, 갱신 336
[2026-06-26T08:55:26] ── 출하 동기화 ──
[2026-06-26T08:55:26]   MySQL 출하 조회: 21456건 (전체)
[2026-06-26T08:55:27]   ⚠️ 배치 0~200 오류: null value in column "id" of relation "shipments" violates not-null constraint
[2026-06-26T08:55:46]   진행: 2000/21456
[2026-06-26T08:55:47]   진행: 4000/21456
[2026-06-26T08:55:49]   진행: 6000/21456
[2026-06-26T08:55:50]   진행: 8000/21456
[2026-06-26T08:55:51]   진행: 10000/21456
[2026-06-26T08:55:53]   진행: 12000/21456
[2026-06-26T08:55:54]   진행: 14000/21456
[2026-06-26T08:55:55]   진행: 16000/21456
[2026-06-26T08:55:57]   진행: 18000/21456
[2026-06-26T08:55:58]   진행: 20000/21456
[2026-06-26T08:55:59]   출하: 신규 21443, 갱신 13, 오류 0
[2026-06-26T08:55:59] ── 단가 동기화 ──
[2026-06-26T08:55:59]   MySQL 단가: 2361건
[2026-06-26T08:57:56]   단가: 신규 1351, 건너뜀 1010
[2026-06-26T08:57:56] ── 성적서 동기화 ──
[2026-06-26T08:57:56]   MySQL 성적서: 446건
[2026-06-26T08:57:57]   성적서: 신규 6, 건너뜀 440
[2026-06-26T08:57:57] ========================================
[2026-06-26T08:57:57] 동기화 완료! (197.3초 소요)
